[debug] [2025-05-09T23:08:09.182Z] ----------------------------------------------------------------------
[debug] [2025-05-09T23:08:09.184Z] Command:       C:\Program Files\nodejs\node.exe C:\Users\rafael.meirelles\AppData\Roaming\npm\node_modules\firebase-tools\lib\bin\firebase.js init
[debug] [2025-05-09T23:08:09.185Z] CLI Version:   14.3.1
[debug] [2025-05-09T23:08:09.185Z] Platform:      win32
[debug] [2025-05-09T23:08:09.185Z] Node Version:  v20.15.0
[debug] [2025-05-09T23:08:09.185Z] Time:          Fri May 09 2025 20:08:09 GMT-0300 (Horário Padrão de Brasília)
[debug] [2025-05-09T23:08:09.185Z] ----------------------------------------------------------------------
[debug] 
[debug] [2025-05-09T23:08:09.189Z] > command requires scopes: ["email","openid","https://www.googleapis.com/auth/cloudplatformprojects.readonly","https://www.googleapis.com/auth/firebase","https://www.googleapis.com/auth/cloud-platform"]
[debug] [2025-05-09T23:08:09.189Z] > authorizing via signed-in user (rafaeldnm8@gmail.com)
[info] 
     ######## #### ########  ######## ########     ###     ######  ########
     ##        ##  ##     ## ##       ##     ##  ##   ##  ##       ##
     ######    ##  ########  ######   ########  #########  ######  ######
     ##        ##  ##    ##  ##       ##     ## ##     ##       ## ##
     ##       #### ##     ## ######## ########  ##     ##  ######  ########

You're about to initialize a Firebase project in this directory:

  C:\Users\rafael.meirelles\Desktop\portal-ev6

[info] 
=== Project Setup
[info] 
[info] First, let's associate this project directory with a Firebase project.
[info] You can create multiple project aliases by running firebase use --add, 
[info] but for now we'll just set up a default project.
[info] 
[debug] [2025-05-09T23:08:22.283Z] Checked if tokens are valid: true, expires at: 1746834620281
[debug] [2025-05-09T23:08:22.284Z] Checked if tokens are valid: true, expires at: 1746834620281
[debug] [2025-05-09T23:08:22.285Z] >>> [apiv2][query] GET https://firebase.googleapis.com/v1beta1/projects pageSize=100
[debug] [2025-05-09T23:08:23.141Z] <<< [apiv2][status] GET https://firebase.googleapis.com/v1beta1/projects 200
[debug] [2025-05-09T23:08:23.141Z] <<< [apiv2][body] GET https://firebase.googleapis.com/v1beta1/projects [omitted]
[info] i  Using project portal-ev6 (Portal EV6) 
[info] 
=== Hosting Setup
[debug] [2025-05-09T23:08:24.227Z] Checked if tokens are valid: true, expires at: 1746834620281
[debug] [2025-05-09T23:08:24.227Z] Checked if tokens are valid: true, expires at: 1746834620281
[debug] [2025-05-09T23:08:24.227Z] >>> [apiv2][query] GET https://firebase.googleapis.com/v1beta1/projects/portal-ev6 [none]
[debug] [2025-05-09T23:08:24.624Z] <<< [apiv2][status] GET https://firebase.googleapis.com/v1beta1/projects/portal-ev6 200
[debug] [2025-05-09T23:08:24.624Z] <<< [apiv2][body] GET https://firebase.googleapis.com/v1beta1/projects/portal-ev6 {"projectId":"portal-ev6","projectNumber":"999962271825","displayName":"Portal EV6","name":"projects/portal-ev6","resources":{"hostingSite":"portal-ev6"},"state":"ACTIVE","etag":"1_d78e6e7e-4b65-4e67-b036-dc0ea684d010"}
[info] 
[info] Your public directory is the folder (relative to your project directory) that
[info] will contain Hosting assets to be uploaded with firebase deploy. If you
[info] have a build process for your assets, use your build's output directory.
[info] 
[debug] [2025-05-09T23:09:24.717Z] >>> [apiv2][query] GET https://www.gstatic.com/firebasejs/releases.json [none]
[debug] [2025-05-09T23:09:25.015Z] <<< [apiv2][status] GET https://www.gstatic.com/firebasejs/releases.json 200
[debug] [2025-05-09T23:09:25.015Z] <<< [apiv2][body] GET https://www.gstatic.com/firebasejs/releases.json {"current":{"version":"11.7.1","browserURL":"https://www.gstatic.com/firebasejs/11.7.1/firebase.js","packageURL":"https://www.gstatic.com/firebasejs/11.7.1/firebase.tgz"},"live":{"version":"11.7","browserURL":"https://www.gstatic.com/firebasejs/live/11.7/firebase.js","packageURL":"https://www.gstatic.com/firebasejs/live/11.7/firebase.tgz"},"components":{"analytics":"https://www.gstatic.com/firebasejs/11.7.1/firebase-analytics.js","app":"https://www.gstatic.com/firebasejs/11.7.1/firebase-app.js","app-check":"https://www.gstatic.com/firebasejs/11.7.1/firebase-app-check.js","auth":"https://www.gstatic.com/firebasejs/11.7.1/firebase-auth.js","auth/cordova":"https://www.gstatic.com/firebasejs/11.7.1/firebase-auth/cordova.js","auth/web-extension":"https://www.gstatic.com/firebasejs/11.7.1/firebase-auth/web-extension.js","functions":"https://www.gstatic.com/firebasejs/11.7.1/firebase-functions.js","firestore":"https://www.gstatic.com/firebasejs/11.7.1/firebase-firestore.js","firestore/lite":"https://www.gstatic.com/firebasejs/11.7.1/firebase-firestore/lite.js","installations":"https://www.gstatic.com/firebasejs/11.7.1/firebase-installations.js","storage":"https://www.gstatic.com/firebasejs/11.7.1/firebase-storage.js","performance":"https://www.gstatic.com/firebasejs/11.7.1/firebase-performance.js","remote-config":"https://www.gstatic.com/firebasejs/11.7.1/firebase-remote-config.js","messaging":"https://www.gstatic.com/firebasejs/11.7.1/firebase-messaging.js","messaging/sw":"https://www.gstatic.com/firebasejs/11.7.1/firebase-messaging/sw.js","database":"https://www.gstatic.com/firebasejs/11.7.1/firebase-database.js","vertexai":"https://www.gstatic.com/firebasejs/11.7.1/firebase-vertexai.js","data-connect":"https://www.gstatic.com/firebasejs/11.7.1/firebase-data-connect.js","firestore.memory":"https://www.gstatic.com/firebasejs/11.7.1/firebase-firestore.memory.js"}}
[info] +  Wrote dist/ev6-gestao/index.html 
[info] 
[info] i  Didn't detect a .git folder. Assuming C:\Users\rafael.meirelles\Desktop\portal-ev6 is the project root. 
[info] i  Authorizing with GitHub to upload your service account to a GitHub repository's secrets store. 
[info] 
[info] Visit this URL on this device to log in:
[info] https://github.com/login/oauth/authorize?client_id=89cf50f02ac6aaed3484&state=733295143&redirect_uri=http%3A%2F%2Flocalhost%3A9005&scope=read%3Auser%20repo%20public_repo
[info] 
[info] Waiting for authentication...
